2025-05-07T08:24:10.603Z 	 info: Azurite Blob service is starting on 127.0.0.1:10000
2025-05-07T08:24:10.604Z 	 info: AccountDataStore:init() Refresh accounts from environment variable AZURITE_ACCOUNTS with value undefined
2025-05-07T08:24:10.604Z 	 info: AccountDataStore:init() Fallback to default emulator account devstoreaccount1.
2025-05-07T08:24:10.609Z 	 info: BlobGCManager:start() Starting BlobGCManager. Set status to Initializing.
2025-05-07T08:24:10.609Z 	 info: BlobGCManager:start() Trigger mark and sweep loop. Set status to Running.
2025-05-07T08:24:10.609Z 	 info: BlobGCManager:markSweepLoop() Start next mark and sweep.
2025-05-07T08:24:10.609Z 	 info: BlobGCManager:markSweep() Get all extents.
2025-05-07T08:24:10.609Z 	 info: BlobGCManager:start() BlobGCManager successfully started.
2025-05-07T08:24:10.610Z 	 info: BlobGCManager:markSweep() Got 0 extents.
2025-05-07T08:24:10.610Z 	 info: BlobGCManager:markSweep() Get referred extents.
2025-05-07T08:24:10.610Z 	 info: BlobGCManager:markSweep() Got referred extents, unreferenced extents count is 0.
2025-05-07T08:24:10.610Z 	 info: BlobGCManager:markSweepLoop() Mark and sweep finished, taken 1ms.
2025-05-07T08:24:10.610Z 	 info: BlobGCManager:markSweepLoop() Sleep for 600000ms.
2025-05-07T08:24:10.611Z 	 info: Azurite Blob service successfully listens on http://127.0.0.1:10000
2025-05-07T08:24:10.611Z 	 info: Azurite Queue service is starting on 127.0.0.1:10001
2025-05-07T08:24:10.611Z 	 info: AccountDataStore:init() Refresh accounts from environment variable AZURITE_ACCOUNTS with value undefined
2025-05-07T08:24:10.611Z 	 info: AccountDataStore:init() Fallback to default emulator account devstoreaccount1.
2025-05-07T08:24:10.614Z 	 info: QueueGCManager:start() Starting QueueGCManager, set status to Initializing
2025-05-07T08:24:10.614Z 	 info: QueueGCManager:start() Trigger mark and sweep loop, set status to Running.
2025-05-07T08:24:10.614Z 	 info: QueueGCManager:markSweepLoop() Start new mark and sweep.
2025-05-07T08:24:10.614Z 	 info: QueueGCManger:markSweep() Get all extents.
2025-05-07T08:24:10.614Z 	 info: QueueGCManager:start() QueueGCManager successfully started.
2025-05-07T08:24:10.614Z 	 info: QueueGCManager:marksweep() Get 0 extents.
2025-05-07T08:24:10.614Z 	 info: QueueGCManager:markSweep() Get referred extents, then remove from allExtents.
2025-05-07T08:24:10.614Z 	 info: QueueGCManager:markSweep() Got referred extents, unreferenced extents count is 0.
2025-05-07T08:24:10.614Z 	 info: QueueGCManager:markSweepLoop() Mark and sweep finished, take 0ms.
2025-05-07T08:24:10.614Z 	 info: QueueGCManager:markSweepLoop() Sleep for 60000
2025-05-07T08:24:10.614Z 	 info: Azurite Queue service successfully listens on http://127.0.0.1:10001
2025-05-07T08:24:10.614Z 	 info: Azurite Table service is starting on 127.0.0.1:10002
2025-05-07T08:24:10.614Z 	 info: AccountDataStore:init() Refresh accounts from environment variable AZURITE_ACCOUNTS with value undefined
2025-05-07T08:24:10.614Z 	 info: AccountDataStore:init() Fallback to default emulator account devstoreaccount1.
2025-05-07T08:24:10.616Z 	 info: Azurite Table service successfully listens on http://127.0.0.1:10002
2025-05-07T08:24:10.616Z 	 info: InstaceID 9ac35ce9-e711-4c04-b1e1-204d2c771898, SessionID f6fba98f-c39b-42f8-b156-0034b83cbce5.
2025-05-07T08:24:10.627Z 	 info: Telemetry initialize successfully.
2025-05-07T08:24:10.628Z 	 verbose: Send start telemetry
2025-05-07T08:24:19.598Z 	 verbose: Send stop telemetry
2025-05-07T08:24:19.599Z 	 info: Azurite Blob service is closing...
2025-05-07T08:24:19.599Z 	 info: Azurite Queue service is closing...
2025-05-07T08:24:19.599Z 	 info: Azurite Table service is closing...
2025-05-07T08:24:19.600Z 	 info: BlobGCManager:close() Start closing BlobGCManager. Set status to Closing.
2025-05-07T08:24:19.601Z 	 info: QueueGCManager:close() Start closing QueueGCManager, set status to Closing.
2025-05-07T08:24:19.601Z 	 info: BlobGCManager:start() Mark and sweep loop is closed.
2025-05-07T08:24:19.601Z 	 info: BlobGCManager:close() BlobGCManager successfully closed. Set status to Closed.
2025-05-07T08:24:19.601Z 	 info: QueueGCManager:start() Mark and sweep loop is closed.
2025-05-07T08:24:19.601Z 	 info: QueueGCManager:close() QueueGCManager successfully closed, set status to Closed.
2025-05-07T08:24:19.601Z 	 info: Azurite Table service successfully closed
2025-05-07T08:24:19.602Z 	 info: Azurite Blob service successfully closed
2025-05-07T08:24:19.602Z 	 info: Azurite Queue service successfully closed
